// Jest Snapshot v1, https://goo.gl/fbAQLP

exports[`Pruebas del componente GifGridItem se debe de renderizar correctamente el componente 1`] = `
<div
  className="card animate__animated animate__fadeInUp"
>
  <img
    alt="Prueba de titulo"
    src="https://localhost/prueba"
  />
  <p>
    Prueba de titulo
  </p>
</div>
`;
